// Jest Snapshot v1, https://goo.gl/fbAQLP

exports[`cics remove-from-list csdGroup should not have changed 1`] = `
Object {
  "aliases": Array [
    "csdg",
  ],
  "description": "Remove a CSD Group from a CICS CSD List.",
  "examples": Array [
    Object {
      "description": "Remove the CSD Group MYGRP from the CSD List MYLIST in the region named MYREG",
      "options": "MYGRP MYLIST --region-name MYREG",
    },
  ],
  "name": "csdGroup",
  "options": Array [
    Object {
      "description": "The CICS region name to which to remove the CSD Group from the CSD List",
      "name": "region-name",
      "type": "string",
    },
    Object {
      "description": "The name of the CICSPlex to which to remove the CSD Group from the CSD List",
      "name": "cics-plex",
      "type": "string",
    },
  ],
  "positionals": Array [
    Object {
      "description": "The name of the CSD Group to remove. The maximum length of the CSD Group name is eight characters",
      "name": "name",
      "required": true,
      "type": "string",
    },
    Object {
      "description": "The name of the CSD List to remove the group from. The maximum length of the CSD List name is eight characters",
      "name": "csdList",
      "required": true,
      "type": "string",
    },
  ],
  "profile": Object {
    "optional": Array [
      "cics",
    ],
  },
  "type": "command",
}
`;
